// Jest Snapshot v1, https://goo.gl/fbAQLP

exports[`Snapshot Test - Filters Should show all filters 1`] = `
<article>
  <header>
    Launch Year
  </header>
  <hr />
  <div
    className="filterCard"
  >
    <button
      className="selected"
      onClick={[Function]}
    >
      2006
    </button>
    <button
      onClick={[Function]}
    >
      2007
    </button>
    <button
      onClick={[Function]}
    >
      2008
    </button>
    <button
      onClick={[Function]}
    >
      2009
    </button>
    <button
      onClick={[Function]}
    >
      2010
    </button>
    <button
      onClick={[Function]}
    >
      2011
    </button>
    <button
      onClick={[Function]}
    >
      2012
    </button>
    <button
      onClick={[Function]}
    >
      2013
    </button>
    <button
      onClick={[Function]}
    >
      2014
    </button>
    <button
      onClick={[Function]}
    >
      2015
    </button>
    <button
      onClick={[Function]}
    >
      2016
    </button>
    <button
      onClick={[Function]}
    >
      2017
    </button>
    <button
      onClick={[Function]}
    >
      2018
    </button>
    <button
      onClick={[Function]}
    >
      2019
    </button>
    <button
      onClick={[Function]}
    >
      2020
    </button>
  </div>
</article>
`;
